MPLINK 4.49, Linker
Linker Map File - Created Fri Apr 28 15:08:15 2023

                                 Section Info
                  Section       Type    Address   Location Size(Bytes)
                ---------  ---------  ---------  ---------  ---------
                   .org_0       code   0x000000    program   0x000000
                   .org_1       code   0x000000    program   0x000002
                   .org_2       code   0x000005    program   0x0000a4



                              Program Memory Usage 
                               Start         End      
                           ---------   ---------      
                            0x000000    0x000000      
                            0x000005    0x000056      
            83 out of 8454 program addresses used, program memory utilization is 0%



                              Symbols - Sorted by Name
                     Name    Address   Location    Storage File                     
                ---------  ---------  ---------  --------- ---------                
                    CARGA   0x000048    program     static D:\Escuela\Semestre 23-2\LabMicros\Previos\P6\EJ1.asm
                     CERO   0x000036    program     static D:\Escuela\Semestre 23-2\LabMicros\Previos\P6\EJ1.asm
                    CICLO   0x00000d    program     static D:\Escuela\Semestre 23-2\LabMicros\Previos\P6\EJ1.asm
                    CINCO   0x000040    program     static D:\Escuela\Semestre 23-2\LabMicros\Previos\P6\EJ1.asm
                   CUATRO   0x00003e    program     static D:\Escuela\Semestre 23-2\LabMicros\Previos\P6\EJ1.asm
                      DOS   0x00003a    program     static D:\Escuela\Semestre 23-2\LabMicros\Previos\P6\EJ1.asm
                   ESPERA   0x00000f    program     static D:\Escuela\Semestre 23-2\LabMicros\Previos\P6\EJ1.asm
                   INICIO   0x000005    program     static D:\Escuela\Semestre 23-2\LabMicros\Previos\P6\EJ1.asm
                     OCHO   0x000046    program     static D:\Escuela\Semestre 23-2\LabMicros\Previos\P6\EJ1.asm
             RETARDO_20US   0x00004a    program     static D:\Escuela\Semestre 23-2\LabMicros\Previos\P6\EJ1.asm
                     SEIS   0x000042    program     static D:\Escuela\Semestre 23-2\LabMicros\Previos\P6\EJ1.asm
                    SIETE   0x000044    program     static D:\Escuela\Semestre 23-2\LabMicros\Previos\P6\EJ1.asm
                     TRES   0x00003c    program     static D:\Escuela\Semestre 23-2\LabMicros\Previos\P6\EJ1.asm
                      UNO   0x000038    program     static D:\Escuela\Semestre 23-2\LabMicros\Previos\P6\EJ1.asm
                      dos   0x00004e    program     static D:\Escuela\Semestre 23-2\LabMicros\Previos\P6\EJ1.asm
                     tres   0x00004c    program     static D:\Escuela\Semestre 23-2\LabMicros\Previos\P6\EJ1.asm
                      uno   0x000050    program     static D:\Escuela\Semestre 23-2\LabMicros\Previos\P6\EJ1.asm



                              Symbols - Sorted by Address
                     Name    Address   Location    Storage File                     
                ---------  ---------  ---------  --------- ---------                
                   INICIO   0x000005    program     static D:\Escuela\Semestre 23-2\LabMicros\Previos\P6\EJ1.asm
                    CICLO   0x00000d    program     static D:\Escuela\Semestre 23-2\LabMicros\Previos\P6\EJ1.asm
                   ESPERA   0x00000f    program     static D:\Escuela\Semestre 23-2\LabMicros\Previos\P6\EJ1.asm
                     CERO   0x000036    program     static D:\Escuela\Semestre 23-2\LabMicros\Previos\P6\EJ1.asm
                      UNO   0x000038    program     static D:\Escuela\Semestre 23-2\LabMicros\Previos\P6\EJ1.asm
                      DOS   0x00003a    program     static D:\Escuela\Semestre 23-2\LabMicros\Previos\P6\EJ1.asm
                     TRES   0x00003c    program     static D:\Escuela\Semestre 23-2\LabMicros\Previos\P6\EJ1.asm
                   CUATRO   0x00003e    program     static D:\Escuela\Semestre 23-2\LabMicros\Previos\P6\EJ1.asm
                    CINCO   0x000040    program     static D:\Escuela\Semestre 23-2\LabMicros\Previos\P6\EJ1.asm
                     SEIS   0x000042    program     static D:\Escuela\Semestre 23-2\LabMicros\Previos\P6\EJ1.asm
                    SIETE   0x000044    program     static D:\Escuela\Semestre 23-2\LabMicros\Previos\P6\EJ1.asm
                     OCHO   0x000046    program     static D:\Escuela\Semestre 23-2\LabMicros\Previos\P6\EJ1.asm
                    CARGA   0x000048    program     static D:\Escuela\Semestre 23-2\LabMicros\Previos\P6\EJ1.asm
             RETARDO_20US   0x00004a    program     static D:\Escuela\Semestre 23-2\LabMicros\Previos\P6\EJ1.asm
                     tres   0x00004c    program     static D:\Escuela\Semestre 23-2\LabMicros\Previos\P6\EJ1.asm
                      dos   0x00004e    program     static D:\Escuela\Semestre 23-2\LabMicros\Previos\P6\EJ1.asm
                      uno   0x000050    program     static D:\Escuela\Semestre 23-2\LabMicros\Previos\P6\EJ1.asm


