MPLINK 4.49, Linker
Linker Map File - Created Fri Apr 28 15:09:24 2023

                                 Section Info
                  Section       Type    Address   Location Size(Bytes)
                ---------  ---------  ---------  ---------  ---------
                   .org_0       code   0x000000    program   0x000000
                   .org_1       code   0x000000    program   0x000002
                   .org_2       code   0x000005    program   0x00007a



                              Program Memory Usage 
                               Start         End      
                           ---------   ---------      
                            0x000000    0x000000      
                            0x000005    0x000041      
            62 out of 8454 program addresses used, program memory utilization is 0%



                              Symbols - Sorted by Name
                     Name    Address   Location    Storage File                     
                ---------  ---------  ---------  --------- ---------                
                    CARGA   0x000033    program     static D:\Escuela\Semestre 23-2\LabMicros\Previos\P6\EJ2.asm
                     CERO   0x000027    program     static D:\Escuela\Semestre 23-2\LabMicros\Previos\P6\EJ2.asm
                    CICLO   0x00000d    program     static D:\Escuela\Semestre 23-2\LabMicros\Previos\P6\EJ2.asm
                    CINCO   0x000031    program     static D:\Escuela\Semestre 23-2\LabMicros\Previos\P6\EJ2.asm
                   CUATRO   0x00002f    program     static D:\Escuela\Semestre 23-2\LabMicros\Previos\P6\EJ2.asm
                      DOS   0x00002b    program     static D:\Escuela\Semestre 23-2\LabMicros\Previos\P6\EJ2.asm
                   ESPERA   0x00000f    program     static D:\Escuela\Semestre 23-2\LabMicros\Previos\P6\EJ2.asm
                   INICIO   0x000005    program     static D:\Escuela\Semestre 23-2\LabMicros\Previos\P6\EJ2.asm
             RETARDO_20US   0x000035    program     static D:\Escuela\Semestre 23-2\LabMicros\Previos\P6\EJ2.asm
                     TRES   0x00002d    program     static D:\Escuela\Semestre 23-2\LabMicros\Previos\P6\EJ2.asm
                      UNO   0x000029    program     static D:\Escuela\Semestre 23-2\LabMicros\Previos\P6\EJ2.asm
                      dos   0x000039    program     static D:\Escuela\Semestre 23-2\LabMicros\Previos\P6\EJ2.asm
                     tres   0x000037    program     static D:\Escuela\Semestre 23-2\LabMicros\Previos\P6\EJ2.asm
                      uno   0x00003b    program     static D:\Escuela\Semestre 23-2\LabMicros\Previos\P6\EJ2.asm



                              Symbols - Sorted by Address
                     Name    Address   Location    Storage File                     
                ---------  ---------  ---------  --------- ---------                
                   INICIO   0x000005    program     static D:\Escuela\Semestre 23-2\LabMicros\Previos\P6\EJ2.asm
                    CICLO   0x00000d    program     static D:\Escuela\Semestre 23-2\LabMicros\Previos\P6\EJ2.asm
                   ESPERA   0x00000f    program     static D:\Escuela\Semestre 23-2\LabMicros\Previos\P6\EJ2.asm
                     CERO   0x000027    program     static D:\Escuela\Semestre 23-2\LabMicros\Previos\P6\EJ2.asm
                      UNO   0x000029    program     static D:\Escuela\Semestre 23-2\LabMicros\Previos\P6\EJ2.asm
                      DOS   0x00002b    program     static D:\Escuela\Semestre 23-2\LabMicros\Previos\P6\EJ2.asm
                     TRES   0x00002d    program     static D:\Escuela\Semestre 23-2\LabMicros\Previos\P6\EJ2.asm
                   CUATRO   0x00002f    program     static D:\Escuela\Semestre 23-2\LabMicros\Previos\P6\EJ2.asm
                    CINCO   0x000031    program     static D:\Escuela\Semestre 23-2\LabMicros\Previos\P6\EJ2.asm
                    CARGA   0x000033    program     static D:\Escuela\Semestre 23-2\LabMicros\Previos\P6\EJ2.asm
             RETARDO_20US   0x000035    program     static D:\Escuela\Semestre 23-2\LabMicros\Previos\P6\EJ2.asm
                     tres   0x000037    program     static D:\Escuela\Semestre 23-2\LabMicros\Previos\P6\EJ2.asm
                      dos   0x000039    program     static D:\Escuela\Semestre 23-2\LabMicros\Previos\P6\EJ2.asm
                      uno   0x00003b    program     static D:\Escuela\Semestre 23-2\LabMicros\Previos\P6\EJ2.asm


