MPLINK 4.49, Linker
Linker Map File - Created Fri Mar 24 15:41:04 2023

                                 Section Info
                  Section       Type    Address   Location Size(Bytes)
                ---------  ---------  ---------  ---------  ---------
                   .org_0       code   0x000000    program   0x000000
                   .org_1       code   0x000000    program   0x000002
                   .org_2       code   0x000005    program   0x000028



                              Program Memory Usage 
                               Start         End      
                           ---------   ---------      
                            0x000000    0x000000      
                            0x000005    0x000018      
            21 out of 8454 program addresses used, program memory utilization is 0%



                              Symbols - Sorted by Name
                     Name    Address   Location    Storage File                     
                ---------  ---------  ---------  --------- ---------                
                     CERO   0x000014    program     static D:\Escuela\Semestre 23-2\LabMicros\Previos\P4\EJ1.asm
                    CICLO   0x000010    program     static D:\Escuela\Semestre 23-2\LabMicros\Previos\P4\EJ1.asm
                   INICIO   0x000005    program     static D:\Escuela\Semestre 23-2\LabMicros\Previos\P4\EJ1.asm
                      UNO   0x000016    program     static D:\Escuela\Semestre 23-2\LabMicros\Previos\P4\EJ1.asm



                              Symbols - Sorted by Address
                     Name    Address   Location    Storage File                     
                ---------  ---------  ---------  --------- ---------                
                   INICIO   0x000005    program     static D:\Escuela\Semestre 23-2\LabMicros\Previos\P4\EJ1.asm
                    CICLO   0x000010    program     static D:\Escuela\Semestre 23-2\LabMicros\Previos\P4\EJ1.asm
                     CERO   0x000014    program     static D:\Escuela\Semestre 23-2\LabMicros\Previos\P4\EJ1.asm
                      UNO   0x000016    program     static D:\Escuela\Semestre 23-2\LabMicros\Previos\P4\EJ1.asm


