MPLINK 4.49, Linker
Linker Map File - Created Fri Mar 24 15:45:25 2023

                                 Section Info
                  Section       Type    Address   Location Size(Bytes)
                ---------  ---------  ---------  ---------  ---------
                   .org_0       code   0x000000    program   0x000000
                   .org_1       code   0x000000    program   0x000002
                   .org_2       code   0x000005    program   0x00009a



                              Program Memory Usage 
                               Start         End      
                           ---------   ---------      
                            0x000000    0x000000      
                            0x000005    0x000051      
            78 out of 8454 program addresses used, program memory utilization is 0%



                              Symbols - Sorted by Name
                     Name    Address   Location    Storage File                     
                ---------  ---------  ---------  --------- ---------                
                     CERO   0x00001a    program     static D:\Escuela\Semestre 23-2\LabMicros\Previos\P4\EJ2.asm
                    CICLO   0x000010    program     static D:\Escuela\Semestre 23-2\LabMicros\Previos\P4\EJ2.asm
                    CINCO   0x00003f    program     static D:\Escuela\Semestre 23-2\LabMicros\Previos\P4\EJ2.asm
                   CUATRO   0x000031    program     static D:\Escuela\Semestre 23-2\LabMicros\Previos\P4\EJ2.asm
              CUATRO_CERO   0x000035    program     static D:\Escuela\Semestre 23-2\LabMicros\Previos\P4\EJ2.asm
               CUATRO_REG   0x00003a    program     static D:\Escuela\Semestre 23-2\LabMicros\Previos\P4\EJ2.asm
                      DOS   0x00001f    program     static D:\Escuela\Semestre 23-2\LabMicros\Previos\P4\EJ2.asm
                 DOS_CERO   0x000023    program     static D:\Escuela\Semestre 23-2\LabMicros\Previos\P4\EJ2.asm
                   INICIO   0x000005    program     static D:\Escuela\Semestre 23-2\LabMicros\Previos\P4\EJ2.asm
                     TRES   0x000028    program     static D:\Escuela\Semestre 23-2\LabMicros\Previos\P4\EJ2.asm
                TRES_CERO   0x00002c    program     static D:\Escuela\Semestre 23-2\LabMicros\Previos\P4\EJ2.asm
                      UNO   0x00001c    program     static D:\Escuela\Semestre 23-2\LabMicros\Previos\P4\EJ2.asm
                      dos   0x000049    program     static D:\Escuela\Semestre 23-2\LabMicros\Previos\P4\EJ2.asm
                  retardo   0x000045    program     static D:\Escuela\Semestre 23-2\LabMicros\Previos\P4\EJ2.asm
                     tres   0x000047    program     static D:\Escuela\Semestre 23-2\LabMicros\Previos\P4\EJ2.asm
                      uno   0x00004b    program     static D:\Escuela\Semestre 23-2\LabMicros\Previos\P4\EJ2.asm



                              Symbols - Sorted by Address
                     Name    Address   Location    Storage File                     
                ---------  ---------  ---------  --------- ---------                
                   INICIO   0x000005    program     static D:\Escuela\Semestre 23-2\LabMicros\Previos\P4\EJ2.asm
                    CICLO   0x000010    program     static D:\Escuela\Semestre 23-2\LabMicros\Previos\P4\EJ2.asm
                     CERO   0x00001a    program     static D:\Escuela\Semestre 23-2\LabMicros\Previos\P4\EJ2.asm
                      UNO   0x00001c    program     static D:\Escuela\Semestre 23-2\LabMicros\Previos\P4\EJ2.asm
                      DOS   0x00001f    program     static D:\Escuela\Semestre 23-2\LabMicros\Previos\P4\EJ2.asm
                 DOS_CERO   0x000023    program     static D:\Escuela\Semestre 23-2\LabMicros\Previos\P4\EJ2.asm
                     TRES   0x000028    program     static D:\Escuela\Semestre 23-2\LabMicros\Previos\P4\EJ2.asm
                TRES_CERO   0x00002c    program     static D:\Escuela\Semestre 23-2\LabMicros\Previos\P4\EJ2.asm
                   CUATRO   0x000031    program     static D:\Escuela\Semestre 23-2\LabMicros\Previos\P4\EJ2.asm
              CUATRO_CERO   0x000035    program     static D:\Escuela\Semestre 23-2\LabMicros\Previos\P4\EJ2.asm
               CUATRO_REG   0x00003a    program     static D:\Escuela\Semestre 23-2\LabMicros\Previos\P4\EJ2.asm
                    CINCO   0x00003f    program     static D:\Escuela\Semestre 23-2\LabMicros\Previos\P4\EJ2.asm
                  retardo   0x000045    program     static D:\Escuela\Semestre 23-2\LabMicros\Previos\P4\EJ2.asm
                     tres   0x000047    program     static D:\Escuela\Semestre 23-2\LabMicros\Previos\P4\EJ2.asm
                      dos   0x000049    program     static D:\Escuela\Semestre 23-2\LabMicros\Previos\P4\EJ2.asm
                      uno   0x00004b    program     static D:\Escuela\Semestre 23-2\LabMicros\Previos\P4\EJ2.asm


