------------------------------------------------------------
Timing Analyzer Summary
------------------------------------------------------------

Type  : Slow 1200mV 85C Model Setup 'CLK'
Slack : -4.136
TNS   : -40.073

Type  : Slow 1200mV 85C Model Setup 'TEMPORAL'
Slack : -2.129
TNS   : -8.526

Type  : Slow 1200mV 85C Model Hold 'TEMPORAL'
Slack : 0.341
TNS   : 0.000

Type  : Slow 1200mV 85C Model Hold 'CLK'
Slack : 0.646
TNS   : 0.000

Type  : Slow 1200mV 85C Model Minimum Pulse Width 'CLK'
Slack : -3.000
TNS   : -36.672

Type  : Slow 1200mV 85C Model Minimum Pulse Width 'TEMPORAL'
Slack : -1.403
TNS   : -8.418

Type  : Slow 1200mV 0C Model Setup 'CLK'
Slack : -3.772
TNS   : -34.528

Type  : Slow 1200mV 0C Model Setup 'TEMPORAL'
Slack : -1.866
TNS   : -7.461

Type  : Slow 1200mV 0C Model Hold 'TEMPORAL'
Slack : 0.306
TNS   : 0.000

Type  : Slow 1200mV 0C Model Hold 'CLK'
Slack : 0.597
TNS   : 0.000

Type  : Slow 1200mV 0C Model Minimum Pulse Width 'CLK'
Slack : -3.000
TNS   : -36.672

Type  : Slow 1200mV 0C Model Minimum Pulse Width 'TEMPORAL'
Slack : -1.403
TNS   : -8.418

Type  : Fast 1200mV 0C Model Setup 'CLK'
Slack : -1.274
TNS   : -4.211

Type  : Fast 1200mV 0C Model Setup 'TEMPORAL'
Slack : -0.301
TNS   : -1.203

Type  : Fast 1200mV 0C Model Hold 'TEMPORAL'
Slack : 0.148
TNS   : 0.000

Type  : Fast 1200mV 0C Model Hold 'CLK'
Slack : 0.251
TNS   : 0.000

Type  : Fast 1200mV 0C Model Minimum Pulse Width 'CLK'
Slack : -3.000
TNS   : -27.655

Type  : Fast 1200mV 0C Model Minimum Pulse Width 'TEMPORAL'
Slack : -1.000
TNS   : -6.000

------------------------------------------------------------
