MPLINK 4.49, Linker
Linker Map File - Created Fri Mar 10 15:51:18 2023

                                 Section Info
                  Section       Type    Address   Location Size(Bytes)
                ---------  ---------  ---------  ---------  ---------
                   .org_0       code   0x000000    program   0x000000
                   .org_1       code   0x000000    program   0x000002
                   .org_2       code   0x000005    program   0x000050



                              Program Memory Usage 
                               Start         End      
                           ---------   ---------      
                            0x000000    0x000000      
                            0x000005    0x00002c      
            41 out of 8454 program addresses used, program memory utilization is 0%



                              Symbols - Sorted by Name
                     Name    Address   Location    Storage File                     
                ---------  ---------  ---------  --------- ---------                
                    CHECK   0x00000c    program     static D:\Escuela\Semestre 23-2\LabMicros\Previos\P2\EJ3.asm
                   INICIO   0x000005    program     static D:\Escuela\Semestre 23-2\LabMicros\Previos\P2\EJ3.asm
                  ORDENAR   0x00001c    program     static D:\Escuela\Semestre 23-2\LabMicros\Previos\P2\EJ3.asm
                RES_MAYOR   0x000017    program     static D:\Escuela\Semestre 23-2\LabMicros\Previos\P2\EJ3.asm
                RES_MENOR   0x000016    program     static D:\Escuela\Semestre 23-2\LabMicros\Previos\P2\EJ3.asm
            SIG_ITERACION   0x000007    program     static D:\Escuela\Semestre 23-2\LabMicros\Previos\P2\EJ3.asm
                 TERMINAR   0x00002c    program     static D:\Escuela\Semestre 23-2\LabMicros\Previos\P2\EJ3.asm



                              Symbols - Sorted by Address
                     Name    Address   Location    Storage File                     
                ---------  ---------  ---------  --------- ---------                
                   INICIO   0x000005    program     static D:\Escuela\Semestre 23-2\LabMicros\Previos\P2\EJ3.asm
            SIG_ITERACION   0x000007    program     static D:\Escuela\Semestre 23-2\LabMicros\Previos\P2\EJ3.asm
                    CHECK   0x00000c    program     static D:\Escuela\Semestre 23-2\LabMicros\Previos\P2\EJ3.asm
                RES_MENOR   0x000016    program     static D:\Escuela\Semestre 23-2\LabMicros\Previos\P2\EJ3.asm
                RES_MAYOR   0x000017    program     static D:\Escuela\Semestre 23-2\LabMicros\Previos\P2\EJ3.asm
                  ORDENAR   0x00001c    program     static D:\Escuela\Semestre 23-2\LabMicros\Previos\P2\EJ3.asm
                 TERMINAR   0x00002c    program     static D:\Escuela\Semestre 23-2\LabMicros\Previos\P2\EJ3.asm


