MPLINK 4.49, Linker
Linker Map File - Created Fri Mar 31 17:11:25 2023

                                 Section Info
                  Section       Type    Address   Location Size(Bytes)
                ---------  ---------  ---------  ---------  ---------
                   .org_0       code   0x000000    program   0x000000
                   .org_1       code   0x000000    program   0x000002
                   .org_2       code   0x000005    program   0x00005c



                              Program Memory Usage 
                               Start         End      
                           ---------   ---------      
                            0x000000    0x000000      
                            0x000005    0x000032      
            47 out of 8454 program addresses used, program memory utilization is 0%



                              Symbols - Sorted by Name
                     Name    Address   Location    Storage File                     
                ---------  ---------  ---------  --------- ---------                
                      DOS   0x00002a    program     static D:\Escuela\Semestre 23-2\LabMicros\Previos\P5\EJ1.asm
                      EXT   0x000032    program     static D:\Escuela\Semestre 23-2\LabMicros\Previos\P5\EJ1.asm
                   INICIO   0x000005    program     static D:\Escuela\Semestre 23-2\LabMicros\Previos\P5\EJ1.asm
                     LOOP   0x00000e    program     static D:\Escuela\Semestre 23-2\LabMicros\Previos\P5\EJ1.asm
                  MOTORES   0x000013    program     static D:\Escuela\Semestre 23-2\LabMicros\Previos\P5\EJ1.asm
                    RESET   0x000000    program     static D:\Escuela\Semestre 23-2\LabMicros\Previos\P5\EJ1.asm
                  RETARDO   0x000026    program     static D:\Escuela\Semestre 23-2\LabMicros\Previos\P5\EJ1.asm
                     TRES   0x000028    program     static D:\Escuela\Semestre 23-2\LabMicros\Previos\P5\EJ1.asm
                      UNO   0x00002c    program     static D:\Escuela\Semestre 23-2\LabMicros\Previos\P5\EJ1.asm



                              Symbols - Sorted by Address
                     Name    Address   Location    Storage File                     
                ---------  ---------  ---------  --------- ---------                
                    RESET   0x000000    program     static D:\Escuela\Semestre 23-2\LabMicros\Previos\P5\EJ1.asm
                   INICIO   0x000005    program     static D:\Escuela\Semestre 23-2\LabMicros\Previos\P5\EJ1.asm
                     LOOP   0x00000e    program     static D:\Escuela\Semestre 23-2\LabMicros\Previos\P5\EJ1.asm
                  MOTORES   0x000013    program     static D:\Escuela\Semestre 23-2\LabMicros\Previos\P5\EJ1.asm
                  RETARDO   0x000026    program     static D:\Escuela\Semestre 23-2\LabMicros\Previos\P5\EJ1.asm
                     TRES   0x000028    program     static D:\Escuela\Semestre 23-2\LabMicros\Previos\P5\EJ1.asm
                      DOS   0x00002a    program     static D:\Escuela\Semestre 23-2\LabMicros\Previos\P5\EJ1.asm
                      UNO   0x00002c    program     static D:\Escuela\Semestre 23-2\LabMicros\Previos\P5\EJ1.asm
                      EXT   0x000032    program     static D:\Escuela\Semestre 23-2\LabMicros\Previos\P5\EJ1.asm


