MPLINK 4.49, Linker
Linker Map File - Created Fri Mar 31 16:44:16 2023

                                 Section Info
                  Section       Type    Address   Location Size(Bytes)
                ---------  ---------  ---------  ---------  ---------
                   .org_0       code   0x000000    program   0x000000
                   .org_1       code   0x000000    program   0x000002
                   .org_2       code   0x000005    program   0x00006e



                              Program Memory Usage 
                               Start         End      
                           ---------   ---------      
                            0x000000    0x000000      
                            0x000005    0x00003b      
            56 out of 8454 program addresses used, program memory utilization is 0%



                              Symbols - Sorted by Name
                     Name    Address   Location    Storage File                     
                ---------  ---------  ---------  --------- ---------                
                      DOS   0x000033    program     static D:\Escuela\Semestre 23-2\LabMicros\Previos\P5\EJ3.asm
                      EXT   0x00003b    program     static D:\Escuela\Semestre 23-2\LabMicros\Previos\P5\EJ3.asm
                   INICIO   0x000005    program     static D:\Escuela\Semestre 23-2\LabMicros\Previos\P5\EJ3.asm
                     LOOP   0x00000e    program     static D:\Escuela\Semestre 23-2\LabMicros\Previos\P5\EJ3.asm
                     NADA   0x000024    program     static D:\Escuela\Semestre 23-2\LabMicros\Previos\P5\EJ3.asm
                    RESET   0x000000    program     static D:\Escuela\Semestre 23-2\LabMicros\Previos\P5\EJ3.asm
                  RETARDO   0x000030    program     static D:\Escuela\Semestre 23-2\LabMicros\Previos\P5\EJ3.asm
                    SERVO   0x000026    program     static D:\Escuela\Semestre 23-2\LabMicros\Previos\P5\EJ3.asm
                      SW1   0x000021    program     static D:\Escuela\Semestre 23-2\LabMicros\Previos\P5\EJ3.asm
                      SW2   0x00001e    program     static D:\Escuela\Semestre 23-2\LabMicros\Previos\P5\EJ3.asm
                      SW4   0x00001b    program     static D:\Escuela\Semestre 23-2\LabMicros\Previos\P5\EJ3.asm
                     TRES   0x000031    program     static D:\Escuela\Semestre 23-2\LabMicros\Previos\P5\EJ3.asm
                      UNO   0x000035    program     static D:\Escuela\Semestre 23-2\LabMicros\Previos\P5\EJ3.asm



                              Symbols - Sorted by Address
                     Name    Address   Location    Storage File                     
                ---------  ---------  ---------  --------- ---------                
                    RESET   0x000000    program     static D:\Escuela\Semestre 23-2\LabMicros\Previos\P5\EJ3.asm
                   INICIO   0x000005    program     static D:\Escuela\Semestre 23-2\LabMicros\Previos\P5\EJ3.asm
                     LOOP   0x00000e    program     static D:\Escuela\Semestre 23-2\LabMicros\Previos\P5\EJ3.asm
                      SW4   0x00001b    program     static D:\Escuela\Semestre 23-2\LabMicros\Previos\P5\EJ3.asm
                      SW2   0x00001e    program     static D:\Escuela\Semestre 23-2\LabMicros\Previos\P5\EJ3.asm
                      SW1   0x000021    program     static D:\Escuela\Semestre 23-2\LabMicros\Previos\P5\EJ3.asm
                     NADA   0x000024    program     static D:\Escuela\Semestre 23-2\LabMicros\Previos\P5\EJ3.asm
                    SERVO   0x000026    program     static D:\Escuela\Semestre 23-2\LabMicros\Previos\P5\EJ3.asm
                  RETARDO   0x000030    program     static D:\Escuela\Semestre 23-2\LabMicros\Previos\P5\EJ3.asm
                     TRES   0x000031    program     static D:\Escuela\Semestre 23-2\LabMicros\Previos\P5\EJ3.asm
                      DOS   0x000033    program     static D:\Escuela\Semestre 23-2\LabMicros\Previos\P5\EJ3.asm
                      UNO   0x000035    program     static D:\Escuela\Semestre 23-2\LabMicros\Previos\P5\EJ3.asm
                      EXT   0x00003b    program     static D:\Escuela\Semestre 23-2\LabMicros\Previos\P5\EJ3.asm


