MPLINK 4.49, Linker
Linker Map File - Created Fri Mar 31 16:18:39 2023

                                 Section Info
                  Section       Type    Address   Location Size(Bytes)
                ---------  ---------  ---------  ---------  ---------
                   .org_0       code   0x000000    program   0x000000
                   .org_1       code   0x000000    program   0x000002
                   .org_2       code   0x000005    program   0x000088



                              Program Memory Usage 
                               Start         End      
                           ---------   ---------      
                            0x000000    0x000000      
                            0x000005    0x000048      
            69 out of 8454 program addresses used, program memory utilization is 0%



                              Symbols - Sorted by Name
                     Name    Address   Location    Storage File                     
                ---------  ---------  ---------  --------- ---------                
                  ACCION0   0x000022    program     static D:\Escuela\Semestre 23-2\LabMicros\Previos\P5\JEJ1.asm
                  ACCION1   0x000024    program     static D:\Escuela\Semestre 23-2\LabMicros\Previos\P5\JEJ1.asm
                  ACCION2   0x000027    program     static D:\Escuela\Semestre 23-2\LabMicros\Previos\P5\JEJ1.asm
                  ACCION3   0x00002a    program     static D:\Escuela\Semestre 23-2\LabMicros\Previos\P5\JEJ1.asm
                  ACCION4   0x00002d    program     static D:\Escuela\Semestre 23-2\LabMicros\Previos\P5\JEJ1.asm
                  ACCION5   0x000030    program     static D:\Escuela\Semestre 23-2\LabMicros\Previos\P5\JEJ1.asm
                  ACCION6   0x000033    program     static D:\Escuela\Semestre 23-2\LabMicros\Previos\P5\JEJ1.asm
                  ACCION7   0x000036    program     static D:\Escuela\Semestre 23-2\LabMicros\Previos\P5\JEJ1.asm
                  ACCION8   0x000039    program     static D:\Escuela\Semestre 23-2\LabMicros\Previos\P5\JEJ1.asm
                      DOS   0x000040    program     static D:\Escuela\Semestre 23-2\LabMicros\Previos\P5\JEJ1.asm
                      EXT   0x000048    program     static D:\Escuela\Semestre 23-2\LabMicros\Previos\P5\JEJ1.asm
                   INICIO   0x000005    program     static D:\Escuela\Semestre 23-2\LabMicros\Previos\P5\JEJ1.asm
                     TRES   0x00003e    program     static D:\Escuela\Semestre 23-2\LabMicros\Previos\P5\JEJ1.asm
                      UNO   0x000042    program     static D:\Escuela\Semestre 23-2\LabMicros\Previos\P5\JEJ1.asm
                     main   0x00000f    program     static D:\Escuela\Semestre 23-2\LabMicros\Previos\P5\JEJ1.asm
                  retardo   0x00003c    program     static D:\Escuela\Semestre 23-2\LabMicros\Previos\P5\JEJ1.asm



                              Symbols - Sorted by Address
                     Name    Address   Location    Storage File                     
                ---------  ---------  ---------  --------- ---------                
                   INICIO   0x000005    program     static D:\Escuela\Semestre 23-2\LabMicros\Previos\P5\JEJ1.asm
                     main   0x00000f    program     static D:\Escuela\Semestre 23-2\LabMicros\Previos\P5\JEJ1.asm
                  ACCION0   0x000022    program     static D:\Escuela\Semestre 23-2\LabMicros\Previos\P5\JEJ1.asm
                  ACCION1   0x000024    program     static D:\Escuela\Semestre 23-2\LabMicros\Previos\P5\JEJ1.asm
                  ACCION2   0x000027    program     static D:\Escuela\Semestre 23-2\LabMicros\Previos\P5\JEJ1.asm
                  ACCION3   0x00002a    program     static D:\Escuela\Semestre 23-2\LabMicros\Previos\P5\JEJ1.asm
                  ACCION4   0x00002d    program     static D:\Escuela\Semestre 23-2\LabMicros\Previos\P5\JEJ1.asm
                  ACCION5   0x000030    program     static D:\Escuela\Semestre 23-2\LabMicros\Previos\P5\JEJ1.asm
                  ACCION6   0x000033    program     static D:\Escuela\Semestre 23-2\LabMicros\Previos\P5\JEJ1.asm
                  ACCION7   0x000036    program     static D:\Escuela\Semestre 23-2\LabMicros\Previos\P5\JEJ1.asm
                  ACCION8   0x000039    program     static D:\Escuela\Semestre 23-2\LabMicros\Previos\P5\JEJ1.asm
                  retardo   0x00003c    program     static D:\Escuela\Semestre 23-2\LabMicros\Previos\P5\JEJ1.asm
                     TRES   0x00003e    program     static D:\Escuela\Semestre 23-2\LabMicros\Previos\P5\JEJ1.asm
                      DOS   0x000040    program     static D:\Escuela\Semestre 23-2\LabMicros\Previos\P5\JEJ1.asm
                      UNO   0x000042    program     static D:\Escuela\Semestre 23-2\LabMicros\Previos\P5\JEJ1.asm
                      EXT   0x000048    program     static D:\Escuela\Semestre 23-2\LabMicros\Previos\P5\JEJ1.asm


