------------------------------------------------------------
Timing Analyzer Summary
------------------------------------------------------------

Type  : Slow 1200mV 85C Model Setup 'clk'
Slack : -3.519
TNS   : -21.746

Type  : Slow 1200mV 85C Model Setup 'clk_div'
Slack : -3.512
TNS   : -124.463

Type  : Slow 1200mV 85C Model Hold 'clk_div'
Slack : 0.339
TNS   : 0.000

Type  : Slow 1200mV 85C Model Hold 'clk'
Slack : 0.640
TNS   : 0.000

Type  : Slow 1200mV 85C Model Minimum Pulse Width 'clk'
Slack : -3.000
TNS   : -21.239

Type  : Slow 1200mV 85C Model Minimum Pulse Width 'clk_div'
Slack : -1.403
TNS   : -61.732

Type  : Slow 1200mV 0C Model Setup 'clk'
Slack : -3.217
TNS   : -18.832

Type  : Slow 1200mV 0C Model Setup 'clk_div'
Slack : -3.153
TNS   : -111.262

Type  : Slow 1200mV 0C Model Hold 'clk_div'
Slack : 0.305
TNS   : 0.000

Type  : Slow 1200mV 0C Model Hold 'clk'
Slack : 0.593
TNS   : 0.000

Type  : Slow 1200mV 0C Model Minimum Pulse Width 'clk'
Slack : -3.000
TNS   : -21.239

Type  : Slow 1200mV 0C Model Minimum Pulse Width 'clk_div'
Slack : -1.403
TNS   : -61.732

Type  : Fast 1200mV 0C Model Setup 'clk'
Slack : -1.026
TNS   : -2.260

Type  : Fast 1200mV 0C Model Setup 'clk_div'
Slack : -0.917
TNS   : -29.330

Type  : Fast 1200mV 0C Model Hold 'clk_div'
Slack : 0.147
TNS   : 0.000

Type  : Fast 1200mV 0C Model Hold 'clk'
Slack : 0.249
TNS   : 0.000

Type  : Fast 1200mV 0C Model Minimum Pulse Width 'clk'
Slack : -3.000
TNS   : -16.323

Type  : Fast 1200mV 0C Model Minimum Pulse Width 'clk_div'
Slack : -1.000
TNS   : -44.000

------------------------------------------------------------
