MPLINK 4.49, Linker
Linker Map File - Created Fri May 05 15:24:24 2023

                                 Section Info
                  Section       Type    Address   Location Size(Bytes)
                ---------  ---------  ---------  ---------  ---------
                   .org_0       code   0x000000    program   0x000000
                   .org_1       code   0x000000    program   0x000002
                   .org_2       code   0x000005    program   0x000098



                              Program Memory Usage 
                               Start         End      
                           ---------   ---------      
                            0x000000    0x000000      
                            0x000005    0x000050      
            77 out of 8454 program addresses used, program memory utilization is 0%



                              Symbols - Sorted by Name
                     Name    Address   Location    Storage File                     
                ---------  ---------  ---------  --------- ---------                
                      FIN   0x000050    program     static D:\Escuela\Semestre 23-2\LabMicros\Previos\P7\EJ3.asm
                   INICIO   0x000005    program     static D:\Escuela\Semestre 23-2\LabMicros\Previos\P7\EJ3.asm
                    TRANS   0x00000e    program     static D:\Escuela\Semestre 23-2\LabMicros\Previos\P7\EJ3.asm
               TRANSMITE1   0x000011    program     static D:\Escuela\Semestre 23-2\LabMicros\Previos\P7\EJ3.asm
              TRANSMITE10   0x000047    program     static D:\Escuela\Semestre 23-2\LabMicros\Previos\P7\EJ3.asm
              TRANSMITE11   0x00004d    program     static D:\Escuela\Semestre 23-2\LabMicros\Previos\P7\EJ3.asm
               TRANSMITE2   0x000017    program     static D:\Escuela\Semestre 23-2\LabMicros\Previos\P7\EJ3.asm
               TRANSMITE3   0x00001d    program     static D:\Escuela\Semestre 23-2\LabMicros\Previos\P7\EJ3.asm
               TRANSMITE4   0x000023    program     static D:\Escuela\Semestre 23-2\LabMicros\Previos\P7\EJ3.asm
               TRANSMITE5   0x000029    program     static D:\Escuela\Semestre 23-2\LabMicros\Previos\P7\EJ3.asm
               TRANSMITE6   0x00002f    program     static D:\Escuela\Semestre 23-2\LabMicros\Previos\P7\EJ3.asm
               TRANSMITE7   0x000035    program     static D:\Escuela\Semestre 23-2\LabMicros\Previos\P7\EJ3.asm
               TRANSMITE8   0x00003b    program     static D:\Escuela\Semestre 23-2\LabMicros\Previos\P7\EJ3.asm
               TRANSMITE9   0x000041    program     static D:\Escuela\Semestre 23-2\LabMicros\Previos\P7\EJ3.asm



                              Symbols - Sorted by Address
                     Name    Address   Location    Storage File                     
                ---------  ---------  ---------  --------- ---------                
                   INICIO   0x000005    program     static D:\Escuela\Semestre 23-2\LabMicros\Previos\P7\EJ3.asm
                    TRANS   0x00000e    program     static D:\Escuela\Semestre 23-2\LabMicros\Previos\P7\EJ3.asm
               TRANSMITE1   0x000011    program     static D:\Escuela\Semestre 23-2\LabMicros\Previos\P7\EJ3.asm
               TRANSMITE2   0x000017    program     static D:\Escuela\Semestre 23-2\LabMicros\Previos\P7\EJ3.asm
               TRANSMITE3   0x00001d    program     static D:\Escuela\Semestre 23-2\LabMicros\Previos\P7\EJ3.asm
               TRANSMITE4   0x000023    program     static D:\Escuela\Semestre 23-2\LabMicros\Previos\P7\EJ3.asm
               TRANSMITE5   0x000029    program     static D:\Escuela\Semestre 23-2\LabMicros\Previos\P7\EJ3.asm
               TRANSMITE6   0x00002f    program     static D:\Escuela\Semestre 23-2\LabMicros\Previos\P7\EJ3.asm
               TRANSMITE7   0x000035    program     static D:\Escuela\Semestre 23-2\LabMicros\Previos\P7\EJ3.asm
               TRANSMITE8   0x00003b    program     static D:\Escuela\Semestre 23-2\LabMicros\Previos\P7\EJ3.asm
               TRANSMITE9   0x000041    program     static D:\Escuela\Semestre 23-2\LabMicros\Previos\P7\EJ3.asm
              TRANSMITE10   0x000047    program     static D:\Escuela\Semestre 23-2\LabMicros\Previos\P7\EJ3.asm
              TRANSMITE11   0x00004d    program     static D:\Escuela\Semestre 23-2\LabMicros\Previos\P7\EJ3.asm
                      FIN   0x000050    program     static D:\Escuela\Semestre 23-2\LabMicros\Previos\P7\EJ3.asm


