MPLINK 4.49, Linker
Linker Map File - Created Fri May 05 16:36:40 2023

                                 Section Info
                  Section       Type    Address   Location Size(Bytes)
                ---------  ---------  ---------  ---------  ---------
                   .org_0       code   0x000000    program   0x000000
                   .org_1       code   0x000000    program   0x000002
                   .org_2       code   0x000005    program   0x000042



                              Program Memory Usage 
                               Start         End      
                           ---------   ---------      
                            0x000000    0x000000      
                            0x000005    0x000025      
            34 out of 8454 program addresses used, program memory utilization is 0%



                              Symbols - Sorted by Name
                     Name    Address   Location    Storage File                     
                ---------  ---------  ---------  --------- ---------                
                    APAGA   0x00001e    program     static D:\Escuela\Semestre 23-2\LabMicros\Previos\P7\EJ4.asm
                   INICIO   0x000005    program     static D:\Escuela\Semestre 23-2\LabMicros\Previos\P7\EJ4.asm
                   PRENDE   0x000022    program     static D:\Escuela\Semestre 23-2\LabMicros\Previos\P7\EJ4.asm
                   RECIBE   0x000011    program     static D:\Escuela\Semestre 23-2\LabMicros\Previos\P7\EJ4.asm



                              Symbols - Sorted by Address
                     Name    Address   Location    Storage File                     
                ---------  ---------  ---------  --------- ---------                
                   INICIO   0x000005    program     static D:\Escuela\Semestre 23-2\LabMicros\Previos\P7\EJ4.asm
                   RECIBE   0x000011    program     static D:\Escuela\Semestre 23-2\LabMicros\Previos\P7\EJ4.asm
                    APAGA   0x00001e    program     static D:\Escuela\Semestre 23-2\LabMicros\Previos\P7\EJ4.asm
                   PRENDE   0x000022    program     static D:\Escuela\Semestre 23-2\LabMicros\Previos\P7\EJ4.asm


