MPLINK 4.49, Linker
Linker Map File - Created Fri May 12 16:11:52 2023

                                 Section Info
                  Section       Type    Address   Location Size(Bytes)
                ---------  ---------  ---------  ---------  ---------
                   .org_0       code   0x000000    program   0x000000
                   .org_1       code   0x000000    program   0x000002
                   .org_2       code   0x000005    program   0x000090



                              Program Memory Usage 
                               Start         End      
                           ---------   ---------      
                            0x000000    0x000000      
                            0x000005    0x00004c      
            73 out of 8454 program addresses used, program memory utilization is 0%



                              Symbols - Sorted by Name
                     Name    Address   Location    Storage File                     
                ---------  ---------  ---------  --------- ---------                
                  DERECHA   0x000030    program     static D:\Escuela\Semestre 23-2\LabMicros\Previos\P7\EJ6.asm
                   DERIZQ   0x000038    program     static D:\Escuela\Semestre 23-2\LabMicros\Previos\P7\EJ6.asm
                   INICIO   0x000005    program     static D:\Escuela\Semestre 23-2\LabMicros\Previos\P7\EJ6.asm
                   IZQDER   0x00003c    program     static D:\Escuela\Semestre 23-2\LabMicros\Previos\P7\EJ6.asm
                IZQUIERDA   0x000034    program     static D:\Escuela\Semestre 23-2\LabMicros\Previos\P7\EJ6.asm
                     PARO   0x00002c    program     static D:\Escuela\Semestre 23-2\LabMicros\Previos\P7\EJ6.asm
                   RECIBE   0x000010    program     static D:\Escuela\Semestre 23-2\LabMicros\Previos\P7\EJ6.asm
                  RETARDO   0x000040    program     static D:\Escuela\Semestre 23-2\LabMicros\Previos\P7\EJ6.asm
                      dos   0x000044    program     static D:\Escuela\Semestre 23-2\LabMicros\Previos\P7\EJ6.asm
                     tres   0x000042    program     static D:\Escuela\Semestre 23-2\LabMicros\Previos\P7\EJ6.asm
                      uno   0x000046    program     static D:\Escuela\Semestre 23-2\LabMicros\Previos\P7\EJ6.asm



                              Symbols - Sorted by Address
                     Name    Address   Location    Storage File                     
                ---------  ---------  ---------  --------- ---------                
                   INICIO   0x000005    program     static D:\Escuela\Semestre 23-2\LabMicros\Previos\P7\EJ6.asm
                   RECIBE   0x000010    program     static D:\Escuela\Semestre 23-2\LabMicros\Previos\P7\EJ6.asm
                     PARO   0x00002c    program     static D:\Escuela\Semestre 23-2\LabMicros\Previos\P7\EJ6.asm
                  DERECHA   0x000030    program     static D:\Escuela\Semestre 23-2\LabMicros\Previos\P7\EJ6.asm
                IZQUIERDA   0x000034    program     static D:\Escuela\Semestre 23-2\LabMicros\Previos\P7\EJ6.asm
                   DERIZQ   0x000038    program     static D:\Escuela\Semestre 23-2\LabMicros\Previos\P7\EJ6.asm
                   IZQDER   0x00003c    program     static D:\Escuela\Semestre 23-2\LabMicros\Previos\P7\EJ6.asm
                  RETARDO   0x000040    program     static D:\Escuela\Semestre 23-2\LabMicros\Previos\P7\EJ6.asm
                     tres   0x000042    program     static D:\Escuela\Semestre 23-2\LabMicros\Previos\P7\EJ6.asm
                      dos   0x000044    program     static D:\Escuela\Semestre 23-2\LabMicros\Previos\P7\EJ6.asm
                      uno   0x000046    program     static D:\Escuela\Semestre 23-2\LabMicros\Previos\P7\EJ6.asm


