MPLINK 4.49, Linker
Linker Map File - Created Fri May 12 15:50:59 2023

                                 Section Info
                  Section       Type    Address   Location Size(Bytes)
                ---------  ---------  ---------  ---------  ---------
                   .org_0       code   0x000000    program   0x000000
                   .org_1       code   0x000000    program   0x000002
                   .org_2       code   0x000005    program   0x000278



                              Program Memory Usage 
                               Start         End      
                           ---------   ---------      
                            0x000000    0x000000      
                            0x000005    0x000140      
            317 out of 8454 program addresses used, program memory utilization is 3%



                              Symbols - Sorted by Name
                     Name    Address   Location    Storage File                     
                ---------  ---------  ---------  --------- ---------                
                     CERO   0x0000ee    program     static D:\Escuela\Semestre 23-2\LabMicros\Previos\P7\EJ7.asm
                    CICLO   0x000013    program     static D:\Escuela\Semestre 23-2\LabMicros\Previos\P7\EJ7.asm
                    CINCO   0x000111    program     static D:\Escuela\Semestre 23-2\LabMicros\Previos\P7\EJ7.asm
                   CUATRO   0x00010a    program     static D:\Escuela\Semestre 23-2\LabMicros\Previos\P7\EJ7.asm
                      DOS   0x0000fc    program     static D:\Escuela\Semestre 23-2\LabMicros\Previos\P7\EJ7.asm
                   ESPERA   0x000023    program     static D:\Escuela\Semestre 23-2\LabMicros\Previos\P7\EJ7.asm
                   INICIO   0x000005    program     static D:\Escuela\Semestre 23-2\LabMicros\Previos\P7\EJ7.asm
                    NUEVE   0x00012d    program     static D:\Escuela\Semestre 23-2\LabMicros\Previos\P7\EJ7.asm
                     OCHO   0x000126    program     static D:\Escuela\Semestre 23-2\LabMicros\Previos\P7\EJ7.asm
                  REGRESO   0x0000e7    program     static D:\Escuela\Semestre 23-2\LabMicros\Previos\P7\EJ7.asm
             RETARDO_20US   0x000134    program     static D:\Escuela\Semestre 23-2\LabMicros\Previos\P7\EJ7.asm
                     SEIS   0x000118    program     static D:\Escuela\Semestre 23-2\LabMicros\Previos\P7\EJ7.asm
                    SIETE   0x00011f    program     static D:\Escuela\Semestre 23-2\LabMicros\Previos\P7\EJ7.asm
                     TRES   0x000103    program     static D:\Escuela\Semestre 23-2\LabMicros\Previos\P7\EJ7.asm
                      UNO   0x0000f5    program     static D:\Escuela\Semestre 23-2\LabMicros\Previos\P7\EJ7.asm
                      dos   0x000138    program     static D:\Escuela\Semestre 23-2\LabMicros\Previos\P7\EJ7.asm
               transmite0   0x0000f1    program     static D:\Escuela\Semestre 23-2\LabMicros\Previos\P7\EJ7.asm
               transmite1   0x0000f8    program     static D:\Escuela\Semestre 23-2\LabMicros\Previos\P7\EJ7.asm
               transmite2   0x0000ff    program     static D:\Escuela\Semestre 23-2\LabMicros\Previos\P7\EJ7.asm
               transmite3   0x000106    program     static D:\Escuela\Semestre 23-2\LabMicros\Previos\P7\EJ7.asm
               transmite4   0x00010d    program     static D:\Escuela\Semestre 23-2\LabMicros\Previos\P7\EJ7.asm
               transmite5   0x000114    program     static D:\Escuela\Semestre 23-2\LabMicros\Previos\P7\EJ7.asm
               transmite6   0x00011b    program     static D:\Escuela\Semestre 23-2\LabMicros\Previos\P7\EJ7.asm
               transmite7   0x000122    program     static D:\Escuela\Semestre 23-2\LabMicros\Previos\P7\EJ7.asm
               transmite8   0x000129    program     static D:\Escuela\Semestre 23-2\LabMicros\Previos\P7\EJ7.asm
               transmite9   0x000130    program     static D:\Escuela\Semestre 23-2\LabMicros\Previos\P7\EJ7.asm
             transmitereg   0x0000ea    program     static D:\Escuela\Semestre 23-2\LabMicros\Previos\P7\EJ7.asm
                     tres   0x000136    program     static D:\Escuela\Semestre 23-2\LabMicros\Previos\P7\EJ7.asm
                      uno   0x00013a    program     static D:\Escuela\Semestre 23-2\LabMicros\Previos\P7\EJ7.asm



                              Symbols - Sorted by Address
                     Name    Address   Location    Storage File                     
                ---------  ---------  ---------  --------- ---------                
                   INICIO   0x000005    program     static D:\Escuela\Semestre 23-2\LabMicros\Previos\P7\EJ7.asm
                    CICLO   0x000013    program     static D:\Escuela\Semestre 23-2\LabMicros\Previos\P7\EJ7.asm
                   ESPERA   0x000023    program     static D:\Escuela\Semestre 23-2\LabMicros\Previos\P7\EJ7.asm
                  REGRESO   0x0000e7    program     static D:\Escuela\Semestre 23-2\LabMicros\Previos\P7\EJ7.asm
             transmitereg   0x0000ea    program     static D:\Escuela\Semestre 23-2\LabMicros\Previos\P7\EJ7.asm
                     CERO   0x0000ee    program     static D:\Escuela\Semestre 23-2\LabMicros\Previos\P7\EJ7.asm
               transmite0   0x0000f1    program     static D:\Escuela\Semestre 23-2\LabMicros\Previos\P7\EJ7.asm
                      UNO   0x0000f5    program     static D:\Escuela\Semestre 23-2\LabMicros\Previos\P7\EJ7.asm
               transmite1   0x0000f8    program     static D:\Escuela\Semestre 23-2\LabMicros\Previos\P7\EJ7.asm
                      DOS   0x0000fc    program     static D:\Escuela\Semestre 23-2\LabMicros\Previos\P7\EJ7.asm
               transmite2   0x0000ff    program     static D:\Escuela\Semestre 23-2\LabMicros\Previos\P7\EJ7.asm
                     TRES   0x000103    program     static D:\Escuela\Semestre 23-2\LabMicros\Previos\P7\EJ7.asm
               transmite3   0x000106    program     static D:\Escuela\Semestre 23-2\LabMicros\Previos\P7\EJ7.asm
                   CUATRO   0x00010a    program     static D:\Escuela\Semestre 23-2\LabMicros\Previos\P7\EJ7.asm
               transmite4   0x00010d    program     static D:\Escuela\Semestre 23-2\LabMicros\Previos\P7\EJ7.asm
                    CINCO   0x000111    program     static D:\Escuela\Semestre 23-2\LabMicros\Previos\P7\EJ7.asm
               transmite5   0x000114    program     static D:\Escuela\Semestre 23-2\LabMicros\Previos\P7\EJ7.asm
                     SEIS   0x000118    program     static D:\Escuela\Semestre 23-2\LabMicros\Previos\P7\EJ7.asm
               transmite6   0x00011b    program     static D:\Escuela\Semestre 23-2\LabMicros\Previos\P7\EJ7.asm
                    SIETE   0x00011f    program     static D:\Escuela\Semestre 23-2\LabMicros\Previos\P7\EJ7.asm
               transmite7   0x000122    program     static D:\Escuela\Semestre 23-2\LabMicros\Previos\P7\EJ7.asm
                     OCHO   0x000126    program     static D:\Escuela\Semestre 23-2\LabMicros\Previos\P7\EJ7.asm
               transmite8   0x000129    program     static D:\Escuela\Semestre 23-2\LabMicros\Previos\P7\EJ7.asm
                    NUEVE   0x00012d    program     static D:\Escuela\Semestre 23-2\LabMicros\Previos\P7\EJ7.asm
               transmite9   0x000130    program     static D:\Escuela\Semestre 23-2\LabMicros\Previos\P7\EJ7.asm
             RETARDO_20US   0x000134    program     static D:\Escuela\Semestre 23-2\LabMicros\Previos\P7\EJ7.asm
                     tres   0x000136    program     static D:\Escuela\Semestre 23-2\LabMicros\Previos\P7\EJ7.asm
                      dos   0x000138    program     static D:\Escuela\Semestre 23-2\LabMicros\Previos\P7\EJ7.asm
                      uno   0x00013a    program     static D:\Escuela\Semestre 23-2\LabMicros\Previos\P7\EJ7.asm


