MPLINK 4.49, Linker
Linker Map File - Created Thu Mar 16 21:17:30 2023

                                 Section Info
                  Section       Type    Address   Location Size(Bytes)
                ---------  ---------  ---------  ---------  ---------
                   .org_0       code   0x000000    program   0x000000
                   .org_1       code   0x000000    program   0x000002
                   .org_2       code   0x000005    program   0x000038



                              Program Memory Usage 
                               Start         End      
                           ---------   ---------      
                            0x000000    0x000000      
                            0x000005    0x000020      
            29 out of 8454 program addresses used, program memory utilization is 0%



                              Symbols - Sorted by Name
                     Name    Address   Location    Storage File                     
                ---------  ---------  ---------  --------- ---------                
                     EJER   0x00000b    program     static D:\Escuela\Semestre 23-2\LabMicros\Previos\P3\EJ9.asm
                  ES_CERO   0x00000f    program     static D:\Escuela\Semestre 23-2\LabMicros\Previos\P3\EJ9.asm
                   INICIO   0x000005    program     static D:\Escuela\Semestre 23-2\LabMicros\Previos\P3\EJ9.asm
                      dos   0x000018    program     static D:\Escuela\Semestre 23-2\LabMicros\Previos\P3\EJ9.asm
                  retardo   0x000014    program     static D:\Escuela\Semestre 23-2\LabMicros\Previos\P3\EJ9.asm
                     tres   0x000016    program     static D:\Escuela\Semestre 23-2\LabMicros\Previos\P3\EJ9.asm
                      uno   0x00001a    program     static D:\Escuela\Semestre 23-2\LabMicros\Previos\P3\EJ9.asm



                              Symbols - Sorted by Address
                     Name    Address   Location    Storage File                     
                ---------  ---------  ---------  --------- ---------                
                   INICIO   0x000005    program     static D:\Escuela\Semestre 23-2\LabMicros\Previos\P3\EJ9.asm
                     EJER   0x00000b    program     static D:\Escuela\Semestre 23-2\LabMicros\Previos\P3\EJ9.asm
                  ES_CERO   0x00000f    program     static D:\Escuela\Semestre 23-2\LabMicros\Previos\P3\EJ9.asm
                  retardo   0x000014    program     static D:\Escuela\Semestre 23-2\LabMicros\Previos\P3\EJ9.asm
                     tres   0x000016    program     static D:\Escuela\Semestre 23-2\LabMicros\Previos\P3\EJ9.asm
                      dos   0x000018    program     static D:\Escuela\Semestre 23-2\LabMicros\Previos\P3\EJ9.asm
                      uno   0x00001a    program     static D:\Escuela\Semestre 23-2\LabMicros\Previos\P3\EJ9.asm


